[Sun Aug 16 00:52:55 UTC 2026][INFO] [Action] EE NewBook
[Sun Aug 16 00:54:06 UTC 2026][INFO] [Action] E AutoChapterGroupAction - 0
[Sun Aug 16 00:58:22 UTC 2026][INFO] [Action] E SaveBook - Save
[Sun Aug 16 00:58:26 UTC 2026][INFO] [Action] EFail SaveBook - 4
[Sun Aug 16 00:58:42 UTC 2026][INFO] [Action] E SaveBook - Save
[Sun Aug 16 01:03:12 UTC 2026][INFO] [Action] E SaveBook - SaveforExport
[Sun Aug 16 01:13:16 UTC 2026][INFO] [Action] EE ExportAction
[Sun Aug 16 01:14:14 UTC 2026][INFO] [Action] E ItemChanged - -1,40485
[Sun Aug 16 01:14:14 UTC 2026][INFO] [Action] EE MovePage - 6,1,44
[Sun Aug 16 01:17:41 UTC 2026][INFO] [Action] E ItemChanged - -1,1
[Sun Aug 16 01:17:43 UTC 2026][INFO] [Action] E ItemChanged - -1,27
[Sun Aug 16 01:18:27 UTC 2026][INFO] [Action] E ItemChanged - -1,1
[Sun Aug 16 01:19:24 UTC 2026][INFO] [Action] E ItemChanged - -1,1
[Sun Aug 16 01:20:04 UTC 2026][INFO] [Action] E ItemChanged - -1,1
[Sun Aug 16 01:21:45 UTC 2026][INFO] [Action] E ItemChanged - -1,547974
[Sun Aug 16 01:21:46 UTC 2026][INFO] [Action] EE ClearFormatting - (c,547974,1)
[Sun Aug 16 01:21:47 UTC 2026][INFO] [Action] E ItemChanged - -1,179558
[Sun Aug 16 01:21:48 UTC 2026][INFO] [Action] EE ClearFormatting - (c,179558,1)
[Sun Aug 16 01:21:48 UTC 2026][INFO] [Action] E ItemChanged - -1,94945
[Sun Aug 16 01:21:49 UTC 2026][INFO] [Action] EE ClearFormatting - (c,94945,1)
[Sun Aug 16 01:21:50 UTC 2026][INFO] [Action] E ItemChanged - -1,139236
[Sun Aug 16 01:21:51 UTC 2026][INFO] [Action] EE ClearFormatting - (c,139236,1)
[Sun Aug 16 01:22:59 UTC 2026][INFO] [Action] E ItemChanged - -1,552987
[Sun Aug 16 01:22:59 UTC 2026][INFO] [Action] E ItemChanged - -1,535710
[Sun Aug 16 01:23:00 UTC 2026][INFO] [Action] E ItemChanged - -1,547974
[Sun Aug 16 01:23:01 UTC 2026][INFO] [Action] E ItemChanged - -1,535710
[Sun Aug 16 01:23:01 UTC 2026][INFO] [Action] E ItemChanged - -1,571848
[Sun Aug 16 01:23:02 UTC 2026][INFO] [Action] E ItemChanged - -1,535710
[Sun Aug 16 01:23:02 UTC 2026][INFO] [Action] E ItemChanged - -1,704796
[Sun Aug 16 01:23:03 UTC 2026][INFO] [Action] E ItemChanged - -1,535710
[Sun Aug 16 01:23:40 UTC 2026][INFO] [Action] E ItemChanged - -1,547974
[Sun Aug 16 01:24:07 UTC 2026][INFO] [Action] E ItemChanged - -1,547974
[Sun Aug 16 01:24:08 UTC 2026][INFO] [Action] E RemoveSectionBreak - 547974,0
[Sun Aug 16 01:24:08 UTC 2026][INFO] [Action] E ItemChanged - -1,159402
[Sun Aug 16 01:24:11 UTC 2026][INFO] [Action] E ItemChanged - -1,348603
[Sun Aug 16 01:24:11 UTC 2026][INFO] [Action] E ItemChanged - -1,201721
[Sun Aug 16 01:25:05 UTC 2026][INFO] [Action] E ItemChanged - -1,552986
[Sun Aug 16 01:25:07 UTC 2026][INFO] [Action] E ItemChanged - -1,704795
[Sun Aug 16 01:25:08 UTC 2026][INFO] [Action] E ItemChanged - -1,571847
[Sun Aug 16 01:25:37 UTC 2026][INFO] [Action] EE ClearFormatting - (c,571847,1)
[Sun Aug 16 01:25:38 UTC 2026][INFO] [Action] E ItemChanged - -1,311983
[Sun Aug 16 01:25:38 UTC 2026][INFO] [Action] EE ClearFormatting - (c,311983,1)
[Sun Aug 16 01:25:39 UTC 2026][INFO] [Action] E ItemChanged - -1,237838
[Sun Aug 16 01:25:40 UTC 2026][INFO] [Action] EE ClearFormatting - (c,237838,1)
[Sun Aug 16 01:46:33 UTC 2026][INFO] [Action] EE OpenBook - What_They_Called_Recovery_KDP_Publication_Phase4_KC.kcb
[Sun Aug 16 01:46:56 UTC 2026][INFO] Logger Terminated
[Sun Aug 16 01:48:19 UTC 2026][INFO] [Action] EE OpenBook - What_They_Called_Recovery_KDP_Publication_Phase4_KC.kcb
[Sun Aug 16 01:50:11 UTC 2026][INFO] [Action] E PreviewBook - 1
[Sun Aug 16 04:20:36 UTC 2026][INFO] Logger Terminated
[Sun Aug 16 10:11:05 UTC 2026][INFO] [Action] EE OpenBook - What_They_Called_Recovery_KDP_Publication_Phase4_KC.kcb
[Sun Aug 16 10:12:09 UTC 2026][INFO] [Action] E ItemChanged - -1,612734
[Sun Aug 16 10:12:14 UTC 2026][INFO] [Action] E PreviewBook - 612734
[Sun Aug 16 10:26:42 UTC 2026][INFO] [Action] E ItemChanged - -1,547974
[Sun Aug 16 10:26:53 UTC 2026][INFO] [Action] E RemoveSectionBreak - 547974,0
[Sun Aug 16 10:26:59 UTC 2026][INFO] [Action] E ItemChanged - -1,552986
[Sun Aug 16 10:27:00 UTC 2026][INFO] [Action] E RemoveSectionBreak - 552986,0
[Sun Aug 16 10:27:07 UTC 2026][INFO] [Action] E ItemChanged - -1,571846
[Sun Aug 16 10:27:11 UTC 2026][INFO] [Action] E ItemChanged - -1,571846
[Sun Aug 16 10:27:12 UTC 2026][INFO] [Action] E RemoveSectionBreak - 571846,0
[Sun Aug 16 10:27:16 UTC 2026][INFO] [Action] E ItemChanged - -1,704793
[Sun Aug 16 10:27:18 UTC 2026][INFO] [Action] E RemoveSectionBreak - 704793,0
[Sun Aug 16 10:29:05 UTC 2026][INFO] [Action] E SaveBook - Save
[Sun Aug 16 10:29:21 UTC 2026][INFO] [Action] E ItemChanged - -1,117
[Sun Aug 16 10:31:25 UTC 2026][INFO] [Action] E ApplySemantics - (r,138,138),chapter_title
[Sun Aug 16 10:31:26 UTC 2026][INFO] [Action] EFail ApplySemantics - 4
[Sun Aug 16 10:31:29 UTC 2026][INFO] [Action] E ApplySemantics - (r,138,138),chapter_title
[Sun Aug 16 10:31:29 UTC 2026][INFO] [Action] EFail ApplySemantics - 4
[Sun Aug 16 10:31:37 UTC 2026][INFO] [Action] E ApplySemantics - (r,117,138),chapter_title
[Sun Aug 16 10:31:37 UTC 2026][INFO] [Action] EFail ApplySemantics - 4
[Sun Aug 16 10:34:33 UTC 2026][INFO] [Action] E UpdateStyle - (c,138,2),49:0.250000:2,(r,138,138),F
[Sun Aug 16 10:34:34 UTC 2026][INFO] [Action] E UpdateStyle - (c,138,2),49:0.500000:2,(r,138,138),F
[Sun Aug 16 10:34:36 UTC 2026][INFO] [Action] E UpdateStyle - (c,138,2),49:0.750000:2,(r,138,138),F
[Sun Aug 16 10:34:46 UTC 2026][INFO] [Action] E UpdateStyle - (c,138,2),49:0.500000:2,(r,138,138),F
[Sun Aug 16 10:34:47 UTC 2026][INFO] [Action] E UpdateStyle - (c,138,2),49:0.250000:2,(r,138,138),F
[Sun Aug 16 10:34:48 UTC 2026][INFO] [Action] E UpdateStyle - (c,138,2),49:0.000000:2,(r,138,138),F
[Sun Aug 16 10:35:51 UTC 2026][INFO] [Action] E ApplySemantics - (r,374,374),first_para
[Sun Aug 16 10:35:53 UTC 2026][INFO] [Action] E ApplySemantics - (r,374,374),first_para
[Sun Aug 16 10:35:53 UTC 2026][INFO] [Action] EFail ApplySemantics - 4
[Sun Aug 16 10:35:57 UTC 2026][INFO] [Action] U ApplySemantics
[Sun Aug 16 10:36:01 UTC 2026][INFO] [Action] E ApplySemantics - (r,140,140),first_para
[Sun Aug 16 10:39:40 UTC 2026][INFO] [Action] E UpdateStyle - (c,140,2),47:4.250000:2,(r,140,140),F
[Sun Aug 16 10:39:41 UTC 2026][INFO] [Action] E UpdateStyle - (c,140,2),47:4.500000:2,(r,140,140),F
[Sun Aug 16 10:39:42 UTC 2026][INFO] [Action] E UpdateStyle - (c,140,2),47:4.250000:2,(r,140,140),F
[Sun Aug 16 10:39:43 UTC 2026][INFO] [Action] E UpdateStyle - (c,140,2),47:4.000000:2,(r,140,140),F
[Sun Aug 16 10:39:43 UTC 2026][INFO] [Action] E UpdateStyle - (c,140,2),47:3.750000:2,(r,140,140),F
[Sun Aug 16 10:39:43 UTC 2026][INFO] [Action] E UpdateStyle - (c,140,2),47:3.500000:2,(r,140,140),F
[Sun Aug 16 10:39:44 UTC 2026][INFO] [Action] E UpdateStyle - (c,140,2),47:3.250000:2,(r,140,140),F
[Sun Aug 16 10:39:44 UTC 2026][INFO] [Action] E UpdateStyle - (c,140,2),47:3.000000:2,(r,140,140),F
[Sun Aug 16 10:39:44 UTC 2026][INFO] [Action] E UpdateStyle - (c,140,2),47:2.750000:2,(r,140,140),F
[Sun Aug 16 10:39:45 UTC 2026][INFO] [Action] E UpdateStyle - (c,140,2),47:2.500000:2,(r,140,140),F
[Sun Aug 16 10:39:46 UTC 2026][INFO] [Action] E UpdateStyle - (c,140,2),47:2.250000:2,(r,140,140),F
[Sun Aug 16 10:39:47 UTC 2026][INFO] [Action] E UpdateStyle - (c,140,2),47:2.000000:2,(r,140,140),F
[Sun Aug 16 10:40:11 UTC 2026][INFO] [Action] E PreviewBook - 117
[Sun Aug 16 10:40:49 UTC 2026][INFO] [Action] E ItemChanged - -1,20488
[Sun Aug 16 10:40:51 UTC 2026][INFO] [Action] E ItemChanged - -1,117
[Sun Aug 16 10:42:23 UTC 2026][INFO] [Action] E ApplySemantics - (r,190,190),first_para
[Sun Aug 16 10:42:23 UTC 2026][INFO] [Action] EFail ApplySemantics - 4
[Sun Aug 16 10:47:21 UTC 2026][INFO] [Action] E InsertSeparator - (c,6014,2)
[Sun Aug 16 10:48:31 UTC 2026][INFO] [Action] U InsertSeparator
[Sun Aug 16 10:48:44 UTC 2026][INFO] [Action] E DeleteContent - (r,6012,6016),F
[Sun Aug 16 10:48:52 UTC 2026][INFO] [Action] E AddTextContainer - (c,6011,2),0,0,0
[Sun Aug 16 10:49:02 UTC 2026][INFO] [Action] U AddTextContainer
[Sun Aug 16 10:49:03 UTC 2026][INFO] [Action] U DeleteContent
[Sun Aug 16 10:49:07 UTC 2026][INFO] [Action] E DeleteContent - (r,6016,6016),B
[Sun Aug 16 10:49:07 UTC 2026][INFO] [Action] E DeleteContent - (c,6015,2),B
[Sun Aug 16 10:49:08 UTC 2026][INFO] [Action] E DeleteContent - (c,6014,2),B
[Sun Aug 16 10:49:08 UTC 2026][INFO] [Action] E DeleteContent - (c,6013,2),B
[Sun Aug 16 10:49:09 UTC 2026][INFO] [Action] E DeleteContent - (c,6012,2),B
[Sun Aug 16 10:49:10 UTC 2026][INFO] [Action] E MergeContainer - 6012,1
[Sun Aug 16 10:49:18 UTC 2026][INFO] [Action] E InsertSeparator - (c,6011,2)
[Sun Aug 16 10:50:38 UTC 2026][INFO] [Action] U InsertSeparator
[Sun Aug 16 10:50:38 UTC 2026][INFO] [Action] U MergeContainer
[Sun Aug 16 10:50:39 UTC 2026][INFO] [Action] U DeleteContent
[Sun Aug 16 10:50:39 UTC 2026][INFO] [Action] U DeleteContent
[Sun Aug 16 10:50:40 UTC 2026][INFO] [Action] U DeleteContent
[Sun Aug 16 10:50:40 UTC 2026][INFO] [Action] U DeleteContent
[Sun Aug 16 10:50:40 UTC 2026][INFO] [Action] U DeleteContent
[Sun Aug 16 10:50:41 UTC 2026][INFO] [Action] U UpdateStyle
[Sun Aug 16 10:50:41 UTC 2026][INFO] [Action] U UpdateStyle
[Sun Aug 16 10:50:53 UTC 2026][INFO] [Action] E SaveBook - Save
[Sun Aug 16 10:51:19 UTC 2026][INFO] [Action] E ItemChanged - -1,20488
[Sun Aug 16 10:51:20 UTC 2026][INFO] [Action] E ItemChanged - -1,20488
[Sun Aug 16 10:51:21 UTC 2026][INFO] [Action] E ItemChanged - -1,20488
[Sun Aug 16 10:51:21 UTC 2026][INFO] [Action] E ItemChanged - -1,20488
[Sun Aug 16 10:51:25 UTC 2026][INFO] [Action] E ItemChanged - -1,20488
[Sun Aug 16 10:53:41 UTC 2026][INFO] [Action] E ItemChanged - -1,117
[Sun Aug 16 10:54:11 UTC 2026][INFO] [Action] E ItemChanged - -1,20488
[Sun Aug 16 10:54:17 UTC 2026][INFO] [Action] E ApplySemantics - (r,20521,20521),first_para
[Sun Aug 16 10:55:18 UTC 2026][INFO] [Action] E ItemChanged - -1,40485
[Sun Aug 16 10:55:23 UTC 2026][INFO] [Action] E ApplySemantics - (r,40506,40506),first_para
[Sun Aug 16 10:55:27 UTC 2026][INFO] [Action] E ItemChanged - -1,60753
[Sun Aug 16 10:55:36 UTC 2026][INFO] [Action] E ApplySemantics - (r,60770,60770),first_para
[Sun Aug 16 10:55:40 UTC 2026][INFO] [Action] E ItemChanged - -1,83416
[Sun Aug 16 10:55:44 UTC 2026][INFO] [Action] E ApplySemantics - (r,83441,83443),first_para
[Sun Aug 16 10:55:49 UTC 2026][INFO] [Action] E ItemChanged - -1,94945
[Sun Aug 16 10:55:52 UTC 2026][INFO] [Action] E ApplySemantics - (r,94973,94973),first_para
[Sun Aug 16 10:55:55 UTC 2026][INFO] [Action] E ItemChanged - -1,104205
[Sun Aug 16 10:55:58 UTC 2026][INFO] [Action] E ApplySemantics - (r,104231,104233),first_para
[Sun Aug 16 10:56:00 UTC 2026][INFO] [Action] E ItemChanged - -1,116743
[Sun Aug 16 10:56:04 UTC 2026][INFO] [Action] E ApplySemantics - (r,116761,116761),first_para
[Sun Aug 16 10:56:14 UTC 2026][INFO] [Action] E ItemChanged - -1,125750
[Sun Aug 16 10:56:18 UTC 2026][INFO] [Action] E ApplySemantics - (r,125770,125770),first_para
[Sun Aug 16 10:56:20 UTC 2026][INFO] [Action] E ItemChanged - -1,131766
[Sun Aug 16 10:56:23 UTC 2026][INFO] [Action] E ApplySemantics - (r,131791,131791),first_para
[Sun Aug 16 10:56:27 UTC 2026][INFO] [Action] E ItemChanged - -1,139236
[Sun Aug 16 10:56:31 UTC 2026][INFO] [Action] E ApplySemantics - (r,139260,139264),first_para
[Sun Aug 16 10:56:33 UTC 2026][INFO] [Action] E ItemChanged - -1,159402
[Sun Aug 16 10:56:36 UTC 2026][INFO] [Action] E ApplySemantics - (r,159420,159420),first_para
[Sun Aug 16 10:56:42 UTC 2026][INFO] [Action] E ItemChanged - -1,125750
[Sun Aug 16 10:56:44 UTC 2026][INFO] [Action] E ItemChanged - -1,131766
[Sun Aug 16 10:56:45 UTC 2026][INFO] [Action] E ItemChanged - -1,139236
[Sun Aug 16 10:56:46 UTC 2026][INFO] [Action] E ItemChanged - -1,159402
[Sun Aug 16 10:56:47 UTC 2026][INFO] [Action] E ItemChanged - -1,179558
[Sun Aug 16 10:56:50 UTC 2026][INFO] [Action] E ApplySemantics - (r,179580,179580),first_para
[Sun Aug 16 10:56:52 UTC 2026][INFO] [Action] E ItemChanged - -1,201721
[Sun Aug 16 10:56:56 UTC 2026][INFO] [Action] E ApplySemantics - (r,201745,201745),first_para
[Sun Aug 16 10:57:05 UTC 2026][INFO] [Action] E ItemChanged - -1,221576
[Sun Aug 16 10:57:09 UTC 2026][INFO] [Action] E ApplySemantics - (r,221603,221603),first_para
[Sun Aug 16 10:57:12 UTC 2026][INFO] [Action] E ItemChanged - -1,237838
[Sun Aug 16 10:57:17 UTC 2026][INFO] [Action] E ApplySemantics - (r,237863,237863),first_para
[Sun Aug 16 10:57:19 UTC 2026][INFO] [Action] E ItemChanged - -1,257036
[Sun Aug 16 10:57:21 UTC 2026][INFO] [Action] E ApplySemantics - (r,257061,257061),first_para
[Sun Aug 16 10:57:23 UTC 2026][INFO] [Action] E ItemChanged - -1,284190
[Sun Aug 16 10:57:26 UTC 2026][INFO] [Action] E ApplySemantics - (r,284216,284217),first_para
[Sun Aug 16 10:57:27 UTC 2026][INFO] [Action] E ItemChanged - -1,311983
[Sun Aug 16 10:57:29 UTC 2026][INFO] [Action] E ApplySemantics - (r,312020,312020),first_para
[Sun Aug 16 10:57:32 UTC 2026][INFO] [Action] E ItemChanged - -1,348603
[Sun Aug 16 10:57:34 UTC 2026][INFO] [Action] E ApplySemantics - (r,348633,348633),first_para
[Sun Aug 16 10:57:36 UTC 2026][INFO] [Action] E ItemChanged - -1,379907
[Sun Aug 16 10:57:39 UTC 2026][INFO] [Action] E ApplySemantics - (r,379934,379934),first_para
[Sun Aug 16 10:57:42 UTC 2026][INFO] [Action] E ItemChanged - -1,405189
[Sun Aug 16 10:57:44 UTC 2026][INFO] [Action] E ApplySemantics - (r,405220,405220),first_para
[Sun Aug 16 10:57:47 UTC 2026][INFO] [Action] E ItemChanged - -1,427772
[Sun Aug 16 10:57:49 UTC 2026][INFO] [Action] E ApplySemantics - (r,427803,427803),first_para
[Sun Aug 16 10:57:52 UTC 2026][INFO] [Action] E ItemChanged - -1,466635
[Sun Aug 16 10:57:55 UTC 2026][INFO] [Action] E ApplySemantics - (r,466657,466657),first_para
[Sun Aug 16 10:58:00 UTC 2026][INFO] [Action] E ItemChanged - -1,487147
[Sun Aug 16 10:58:03 UTC 2026][INFO] [Action] E ApplySemantics - (r,487170,487172),first_para
[Sun Aug 16 10:58:05 UTC 2026][INFO] [Action] E ItemChanged - -1,508309
[Sun Aug 16 10:58:08 UTC 2026][INFO] [Action] E ApplySemantics - (r,508334,508334),first_para
[Sun Aug 16 10:58:10 UTC 2026][INFO] [Action] E ItemChanged - -1,535710
[Sun Aug 16 10:58:14 UTC 2026][INFO] [Action] E ApplySemantics - (r,535737,535739),first_para
[Sun Aug 16 10:58:20 UTC 2026][INFO] [Action] E ItemChanged - -1,564814
[Sun Aug 16 10:58:23 UTC 2026][INFO] [Action] E ApplySemantics - (r,564836,564836),first_para
[Sun Aug 16 10:58:26 UTC 2026][INFO] [Action] E ItemChanged - -1,587443
[Sun Aug 16 10:58:28 UTC 2026][INFO] [Action] E ApplySemantics - (r,587466,587471),first_para
[Sun Aug 16 10:58:32 UTC 2026][INFO] [Action] E ItemChanged - -1,612731
[Sun Aug 16 10:58:34 UTC 2026][INFO] [Action] E ApplySemantics - (r,612753,612753),first_para
[Sun Aug 16 10:58:37 UTC 2026][INFO] [Action] E ItemChanged - -1,636865
[Sun Aug 16 10:58:40 UTC 2026][INFO] [Action] E ApplySemantics - (r,636889,636889),first_para
[Sun Aug 16 10:58:43 UTC 2026][INFO] [Action] E ItemChanged - -1,663241
[Sun Aug 16 10:58:45 UTC 2026][INFO] [Action] E ApplySemantics - (r,663266,663266),first_para
[Sun Aug 16 10:58:47 UTC 2026][INFO] [Action] E ItemChanged - -1,692368
[Sun Aug 16 10:58:49 UTC 2026][INFO] [Action] E ApplySemantics - (r,692394,692394),first_para
[Sun Aug 16 10:58:51 UTC 2026][INFO] [Action] E ItemChanged - -1,720484
[Sun Aug 16 10:58:53 UTC 2026][INFO] [Action] E ApplySemantics - (r,720519,720519),first_para
[Sun Aug 16 10:58:54 UTC 2026][INFO] [Action] E ItemChanged - -1,747027
[Sun Aug 16 10:58:57 UTC 2026][INFO] [Action] E ApplySemantics - (r,747057,747057),first_para
[Sun Aug 16 10:58:58 UTC 2026][INFO] [Action] E ItemChanged - -1,768382
[Sun Aug 16 10:59:01 UTC 2026][INFO] [Action] E ApplySemantics - (r,768407,768407),first_para
[Sun Aug 16 10:59:02 UTC 2026][INFO] [Action] E ItemChanged - -1,795980
[Sun Aug 16 10:59:04 UTC 2026][INFO] [Action] E ApplySemantics - (r,796006,796006),first_para
[Sun Aug 16 10:59:06 UTC 2026][INFO] [Action] E ItemChanged - -1,820075
[Sun Aug 16 10:59:08 UTC 2026][INFO] [Action] E ApplySemantics - (r,820096,820096),first_para
[Sun Aug 16 10:59:11 UTC 2026][INFO] [Action] E ItemChanged - -1,843433
[Sun Aug 16 10:59:13 UTC 2026][INFO] [Action] E ApplySemantics - (r,843455,843455),first_para
[Sun Aug 16 10:59:16 UTC 2026][INFO] [Action] E ItemChanged - -1,864225
[Sun Aug 16 10:59:18 UTC 2026][INFO] [Action] E ApplySemantics - (r,864251,864251),first_para
[Sun Aug 16 10:59:26 UTC 2026][INFO] [Action] E ItemChanged - -1,885053
[Sun Aug 16 10:59:28 UTC 2026][INFO] [Action] E ApplySemantics - (r,885072,885072),first_para
[Sun Aug 16 10:59:29 UTC 2026][INFO] [Action] E ItemChanged - -1,904024
[Sun Aug 16 10:59:32 UTC 2026][INFO] [Action] E ApplySemantics - (r,904054,904054),first_para
[Sun Aug 16 10:59:35 UTC 2026][INFO] [Action] E ItemChanged - -1,904024
[Sun Aug 16 10:59:37 UTC 2026][INFO] [Action] E ItemChanged - -1,904024
[Sun Aug 16 10:59:38 UTC 2026][INFO] [Action] E ItemChanged - -1,931189
[Sun Aug 16 10:59:40 UTC 2026][INFO] [Action] E ApplySemantics - (r,931219,931219),first_para
[Sun Aug 16 10:59:43 UTC 2026][INFO] [Action] E ItemChanged - -1,951550
[Sun Aug 16 10:59:45 UTC 2026][INFO] [Action] E ApplySemantics - (r,951580,951580),first_para
[Sun Aug 16 10:59:47 UTC 2026][INFO] [Action] E ItemChanged - -1,973207
[Sun Aug 16 10:59:49 UTC 2026][INFO] [Action] E ApplySemantics - (r,973241,973241),first_para
[Sun Aug 16 10:59:51 UTC 2026][INFO] [Action] E ItemChanged - -1,1000768
[Sun Aug 16 10:59:54 UTC 2026][INFO] [Action] E ApplySemantics - (r,1000794,1000800),first_para
[Sun Aug 16 11:00:18 UTC 2026][INFO] [Action] E SaveBook - Save
[Sun Aug 16 11:01:22 UTC 2026][INFO] [Action] E PreviewBook - 1000768
[Sun Aug 16 11:12:04 UTC 2026][INFO] [Action] E ItemChanged - -1,117
[Sun Aug 16 11:12:13 UTC 2026][INFO] [Action] E UpdateStyle - (c,117,1),47:1.750000:2,(r,117,117),F
[Sun Aug 16 11:12:16 UTC 2026][INFO] [Action] E UpdateStyle - (c,117,1),47:1.500000:2,(r,117,117),F
[Sun Aug 16 11:12:18 UTC 2026][INFO] [Action] E UpdateStyle - (c,117,1),47:1.250000:2,(r,117,117),F
[Sun Aug 16 11:12:19 UTC 2026][INFO] [Action] E UpdateStyle - (c,117,1),47:1.000000:2,(r,117,117),F
[Sun Aug 16 11:12:21 UTC 2026][INFO] [Action] E UpdateStyle - (c,117,1),47:0.750000:2,(r,117,117),F
[Sun Aug 16 11:12:23 UTC 2026][INFO] [Action] E UpdateStyle - (c,117,1),47:0.500000:2,(r,117,117),F
[Sun Aug 16 11:12:33 UTC 2026][INFO] [Action] E UpdateStyle - (c,117,1),47:0.250000:2,(r,117,117),F
[Sun Aug 16 11:12:34 UTC 2026][INFO] [Action] E UpdateStyle - (c,117,1),47:0.000000:2,(r,117,117),F
[Sun Aug 16 11:16:01 UTC 2026][INFO] [Action] E UpdateStyle - (r,117,138),16:24.000000:2,(r,117,138),F
[Sun Aug 16 11:17:43 UTC 2026][INFO] [Action] E ItemChanged - -1,20488
[Sun Aug 16 12:42:00 UTC 2026][INFO] [Action] E UpdateStyle - (c,20488,1),47:0.250000:2,(r,20488,20488),F
[Sun Aug 16 12:42:03 UTC 2026][INFO] [Action] E UpdateStyle - (c,20488,1),47:0.500000:2,(r,20488,20488),F
[Sun Aug 16 12:42:19 UTC 2026][INFO] [Action] E ItemChanged - -1,973207
[Sun Aug 16 12:42:20 UTC 2026][INFO] [Action] E ItemChanged - -1,973207
[Sun Aug 16 12:42:22 UTC 2026][INFO] [Action] E ItemChanged - -1,973207
[Sun Aug 16 12:42:23 UTC 2026][INFO] [Action] E ItemChanged - -1,904024
[Sun Aug 16 12:42:24 UTC 2026][INFO] [Action] E ItemChanged - -1,973207
[Sun Aug 16 12:43:52 UTC 2026][INFO] [Action] E PreviewBook - 973207
[Sun Aug 16 12:45:12 UTC 2026][INFO] [Action] E UpdateStyle - (c,973207,1),47:0.250000:2,(r,973207,973207),F
[Sun Aug 16 12:45:13 UTC 2026][INFO] [Action] E UpdateStyle - (c,973207,1),47:0.000000:2,(r,973207,973207),F
[Sun Aug 16 12:45:16 UTC 2026][INFO] [Action] E PreviewBook - 973207
[Sun Aug 16 12:48:30 UTC 2026][INFO] [Action] E UpdateStyle - (c,973244,2),47:2.250000:2,(r,973244,973244),F
[Sun Aug 16 12:48:32 UTC 2026][INFO] [Action] E UpdateStyle - (c,973244,2),47:2.000000:2,(r,973244,973244),F
[Sun Aug 16 12:48:35 UTC 2026][INFO] [Action] E PreviewBook - 973207
[Sun Aug 16 12:51:20 UTC 2026][INFO] [Action] E SaveBook - Save
[Sun Aug 16 12:51:26 UTC 2026][INFO] [Action] E PreviewBook - 973207
[Sun Aug 16 12:57:52 UTC 2026][INFO] [Action] E ItemChanged - -1,117
[Sun Aug 16 12:58:03 UTC 2026][INFO] [Action] E PreviewBook - 5956
[Sun Aug 16 13:02:54 UTC 2026][INFO] [Action] E SaveBook - Save
[Sun Aug 16 13:05:07 UTC 2026][INFO] [Action] E SaveBook - SaveAs
[Sun Aug 16 13:05:12 UTC 2026][INFO] [Action] EFail SaveBook - 4
[Sun Aug 16 13:05:37 UTC 2026][INFO] [Action] E SaveBook - SaveforExport
[Sun Aug 16 13:06:29 UTC 2026][INFO] [Action] EE ExportAction
[Sun Aug 16 13:06:29 UTC 2026][INFO] [Action] EFail ExportAction - 5
[Sun Aug 16 13:07:32 UTC 2026][INFO] [Action] E SaveBook - SaveforExport
[Sun Aug 16 13:09:39 UTC 2026][INFO] [Action] EE ExportAction
[Sun Aug 16 13:09:55 UTC 2026][INFO] [Action] E SaveBook - SaveAs
[Sun Aug 16 13:10:00 UTC 2026][INFO] [Action] EFail SaveBook - 4
[Sun Aug 16 13:10:09 UTC 2026][INFO] [Action] E SaveBook - SaveAs
[Sun Aug 16 13:10:13 UTC 2026][INFO] Logger Terminated
